
> travel-dev@1.0.0 start
> next start

   ▲ Next.js 15.5.26
   - Local:        http://localhost:3000
   - Network:      http://10.226.155.194:3000

 ✓ Starting...
 ✓ Ready in 1118ms
[contact] honeypot triggered from ::1
[contact] email send failed: [Error: Invalid login: 535-5.7.8 Username and Password not accepted. For more information, go to
535 5.7.8  https://support.google.com/mail/?p=BadCredentials a92af1059eb24-145ad9e097fsm30015617c88.13 - gsmtp] {
  code: 'EAUTH',
  response: '535-5.7.8 Username and Password not accepted. For more information, go to\n' +
    '535 5.7.8  https://support.google.com/mail/?p=BadCredentials a92af1059eb24-145ad9e097fsm30015617c88.13 - gsmtp',
  responseCode: 535,
  command: 'AUTH PLAIN'
}
[contact] email send failed: [Error: Invalid login: 535-5.7.8 Username and Password not accepted. For more information, go to
535 5.7.8  https://support.google.com/mail/?p=BadCredentials a92af1059eb24-145ac67c3f8sm26255728c88.3 - gsmtp] {
  code: 'EAUTH',
  response: '535-5.7.8 Username and Password not accepted. For more information, go to\n' +
    '535 5.7.8  https://support.google.com/mail/?p=BadCredentials a92af1059eb24-145ac67c3f8sm26255728c88.3 - gsmtp',
  responseCode: 535,
  command: 'AUTH PLAIN'
}
[contact] email send failed: [Error: Invalid login: 535-5.7.8 Username and Password not accepted. For more information, go to
535 5.7.8  https://support.google.com/mail/?p=BadCredentials a92af1059eb24-145ad4028a9sm23551982c88.11 - gsmtp] {
  code: 'EAUTH',
  response: '535-5.7.8 Username and Password not accepted. For more information, go to\n' +
    '535 5.7.8  https://support.google.com/mail/?p=BadCredentials a92af1059eb24-145ad4028a9sm23551982c88.11 - gsmtp',
  responseCode: 535,
  command: 'AUTH PLAIN'
}
